V3 3
FL C:/Users/FECP/Documents/Fernando/VHDL/RAM_DMA_BusMaster/Source/common/constants.vhd 2018/03/08.22:06:41 P.20131013
PH common/constants 1520966537 \
      FL C:/Users/FECP/Documents/Fernando/VHDL/RAM_DMA_BusMaster/Source/common/constants.vhd \
      PB ieee/std_logic_1164 1381692176
PB common/constants 1520966538 \
      FL C:/Users/FECP/Documents/Fernando/VHDL/RAM_DMA_BusMaster/Source/common/constants.vhd \
      PH common/constants 1520966537
